<html>
<body>
<pre>
<h1>µVision Build Log</h1>
<h2>Project:</h2>
H:\Users\Guest\Downloads\2-8a zadania ppo zestaw I\8b)\PPO.uvproj
Project File Date:  03/22/2016

<h2>Output:</h2>
Rebuild target 'Target 1'
assembling Startup.s...
compiling main.cpp...
compiling stepper.cpp...
compiling led.cpp...
compiling keyboard.cpp...
linking...
Program Size: Code=1400 RO-data=36 RW-data=4 ZI-data=1260  
FromELF: creating hex file...
".\PPO.axf" - 0 Errors, 0 Warning(s).
Rebuild target 'Target 1'
assembling Startup.s...
compiling main.cpp...
compiling stepper.cpp...
compiling led.cpp...
compiling keyboard.cpp...
linking...
Program Size: Code=1400 RO-data=36 RW-data=4 ZI-data=1260  
FromELF: creating hex file...
".\PPO.axf" - 0 Errors, 0 Warning(s).
Rebuild target 'Target 1'
assembling Startup.s...
compiling main.cpp...
compiling stepper.cpp...
compiling led.cpp...
compiling keyboard.cpp...
keyboard.cpp(39): warning:  #940-D: missing return statement at end of non-void function "Keyboard::eRead"
linking...
.\PPO.axf: Error: L6200E: Symbol ucInversion multiply defined (by keyboard.o and main.o).
".\PPO.axf" - 1 Errors, 1 Warning(s).
Target not created
Rebuild target 'Target 1'
assembling Startup.s...
compiling main.cpp...
compiling stepper.cpp...
compiling led.cpp...
compiling keyboard.cpp...
keyboard.cpp(39): warning:  #940-D: missing return statement at end of non-void function "Keyboard::eRead"
linking...
.\PPO.axf: Error: L6200E: Symbol ucInversion multiply defined (by keyboard.o and main.o).
".\PPO.axf" - 1 Errors, 1 Warning(s).
Target not created
Rebuild target 'Target 1'
assembling Startup.s...
compiling main.cpp...
compiling stepper.cpp...
compiling led.cpp...
compiling keyboard.cpp...
keyboard.cpp(39): warning:  #940-D: missing return statement at end of non-void function "Keyboard::eRead"
linking...
.\PPO.axf: Error: L6200E: Symbol ucInversion multiply defined (by keyboard.o and main.o).
".\PPO.axf" - 1 Errors, 1 Warning(s).
Target not created
